// Jest Snapshot v1, https://goo.gl/fbAQLP

exports[`Label component should render correctly 1`] = `
<styled.label
  color="primary"
  uppercase={true}
>
  Label
</styled.label>
`;
