// Jest Snapshot v1, https://goo.gl/fbAQLP

exports[`Error component should render correctly 1`] = `
<styled.div>
  <styled.div>
    <Icon
      alt="Icon"
      height={10}
      src="/icons/triangle.svg"
      width={5}
    />
  </styled.div>
  Error
</styled.div>
`;
