// Jest Snapshot v1, https://goo.gl/fbAQLP

exports[`Title component should render correctly 1`] = `
<styled.div>
  Card
</styled.div>
`;
