// Jest Snapshot v1, https://goo.gl/fbAQLP

exports[`Button component should render correctly 1`] = `
<styled.button
  disabled={false}
>
  Button
</styled.button>
`;
