// Jest Snapshot v1, https://goo.gl/fbAQLP

exports[`Hint component should render correctly 1`] = `
<styled.div>
  Hint
</styled.div>
`;
