// Jest Snapshot v1, https://goo.gl/fbAQLP

exports[`Alert component should render correctly 1`] = `
<styled.div>
  <styled.div>
    Success
  </styled.div>
  <styled.div>
    Success
  </styled.div>
</styled.div>
`;
